remote: error: GH013: Repository rule violations found for refs/heads/main.        
remote: 
remote: - GITHUB PUSH PROTECTION        
remote:   ΓÇöΓÇöΓÇöΓÇöΓÇöΓÇöΓÇöΓÇöΓÇöΓÇöΓÇöΓÇöΓÇöΓÇöΓÇöΓÇöΓÇöΓÇöΓÇöΓÇöΓÇöΓÇöΓÇöΓÇöΓÇöΓÇöΓÇöΓÇöΓÇöΓÇöΓÇöΓÇöΓÇöΓÇöΓÇöΓÇöΓÇöΓÇöΓÇöΓÇöΓÇö        
remote:     Resolve the following violations before pushing again        
remote: 
remote:     - Push cannot contain secrets        
remote: 
remote:             
remote:      (?) Learn how to resolve a blocked push        
remote:      https://docs.github.com/code-security/secret-scanning/working-with-secret-scanning-and-push-protection/working-with-push-protection-from-the-command-line#resolving-a-blocked-push        
remote:             
remote:             
remote:       ΓÇöΓÇö GitHub Personal Access Token ΓÇöΓÇöΓÇöΓÇöΓÇöΓÇöΓÇöΓÇöΓÇöΓÇöΓÇöΓÇöΓÇöΓÇöΓÇöΓÇöΓÇöΓÇöΓÇöΓÇöΓÇöΓÇö        
remote:        locations:        
remote:          - commit: 728289dc12789b636ae77e928cfcf5baf08a14d5        
remote:            path: CodeSonar_Codebase_Dump.txt:8        
remote:             
remote:        (?) To push, remove secret from commit(s) or follow this URL to allow the secret.        
remote:        https://github.com/Rohanranga/new-codesonar/security/secret-scanning/unblock-secret/3ApwZOBMzkWM831vSQbdYs9m2zK        
remote:             
remote: 
remote: 
To https://github.com/Rohanranga/new-codesonar.git
 ! [remote rejected]   main -> main (push declined due to repository rule violations)
error: failed to push some refs to 'https://github.com/Rohanranga/new-codesonar.git'
